[2026-08-20T17:01:35.116Z][INFO] Command-line: 'C:\\Program Files\\Unity\\Hub\\Editor\\6000.5.3f1\\Editor\\Data\\Resources\\PackageManager\\Server\\UnityPackageManager.exe' server -s 11688 --ipc-path Unity-Upm-11688 -l 2 --log-file 'D:\\uczelnia licencjat\\uczelnia rok 3\\Semestr 6\\licencjat\\gra/Logs/upm.log'
[2026-08-20T17:01:35.170Z][INFO] IPC server started (IPC path=Unity-Upm-11688).
[2026-08-20T17:01:35.170Z][INFO] Hint: To connect to this UPM instance, launch Unity with the command-line parameter -upmIpcPath Upm-11688.
[2026-08-20T17:03:09.351Z][INFO] project:list-packages <-- Request received
params: {}
[2026-08-20T17:03:09.356Z][INFO] project:list-packages --> 404 (5 ms)
[2026-08-20T17:03:09.579Z][INFO] project:list-packages <-- Request received
params: {}
[2026-08-20T17:03:09.580Z][INFO] project:list-packages --> 404 (1 ms)
[2026-08-20T17:03:09.594Z][INFO] config:project:get-registries <-- Request received
params: {}
[2026-08-20T17:03:09.596Z][INFO] config:project:get-registries --> 404 (2 ms)
[2026-08-20T17:03:09.717Z][INFO] project:update-dependencies <-- Request received
params: {}
[2026-08-20T17:03:09.754Z][INFO] project:update-dependencies --> 200 (37 ms)
[2026-08-20T17:03:09.782Z][INFO] project:resolve-packages <-- Request received
params: {}
[2026-08-20T17:03:10.171Z][INFO] Downloading package [com.unity.package-manager.metadata-6000.5@0.0.74] from registry 'https://packages.unity.com'
[2026-08-20T17:03:10.830Z][INFO] Finished downloading package [com.unity.package-manager.metadata-6000.5@0.0.74] from registry 'https://packages.unity.com' (size: 11.4 kB, time: 658ms)
[2026-08-20T17:03:12.038Z][INFO] project:resolve-packages --> 200 (2256 ms)
[2026-08-20T17:03:52.745Z][INFO] project:list-packages <-- Request received
params: {}
[2026-08-20T17:03:52.775Z][INFO] project:list-packages <-- Request received
params: {}
[2026-08-20T17:03:52.878Z][INFO] project:list-packages --> 200 (133 ms)
[2026-08-20T17:03:52.909Z][INFO] config:project:get-registries <-- Request received
params: {}
[2026-08-20T17:03:52.922Z][INFO] config:project:get-registries --> 200 (13 ms)
[2026-08-20T17:03:52.922Z][INFO] project:list-packages --> 200 (147 ms)
[2026-08-20T17:03:56.434Z][INFO] project:list-packages <-- Request received
params: {}
[2026-08-20T17:03:56.517Z][INFO] project:list-packages --> 200 (83 ms)
[2026-08-20T17:03:59.299Z][INFO] packages:get-all-packageinfo <-- Request received
params: {}
[2026-08-20T17:03:59.310Z][INFO] packages:get-all-packageinfo <-- Request received
params: {}
[2026-08-20T17:04:17.809Z][INFO] packages:get-all-packageinfo --> 200 (18499 ms)
[2026-08-20T17:04:18.150Z][INFO] packages:get-all-packageinfo --> 200 (18851 ms)
[2026-08-20T17:04:18.365Z][INFO] packages:get-packageinfo <-- Request received
params: {
  "packageId": "com.unity.addressables@2.9.1"
}
[2026-08-20T17:04:18.377Z][INFO] packages:get-packageinfo <-- Request received
params: {
  "packageId": "com.unity.ads.ios-support@1.0.1"
}
[2026-08-20T17:04:18.389Z][INFO] packages:get-packageinfo <-- Request received
params: {
  "packageId": "com.unity.collab-proxy@2.12.4"
}
[2026-08-20T17:04:18.400Z][INFO] packages:get-packageinfo <-- Request received
params: {
  "packageId": "com.unity.inputsystem@1.19.0"
}
[2026-08-20T17:04:18.413Z][INFO] packages:get-packageinfo <-- Request received
params: {
  "packageId": "com.unity.learn.iet-framework@5.0.4"
}
[2026-08-20T17:04:18.430Z][INFO] packages:get-packageinfo <-- Request received
params: {
  "packageId": "com.unity.learn.iet-framework.authoring@1.5.4"
}
[2026-08-20T17:04:18.441Z][INFO] packages:get-packageinfo <-- Request received
params: {
  "packageId": "com.unity.microsoft.gdk@1.6.0"
}
[2026-08-20T17:04:18.455Z][INFO] packages:get-packageinfo <-- Request received
params: {
  "packageId": "com.unity.microsoft.gdk.tools@1.6.0"
}
[2026-08-20T17:04:18.473Z][INFO] packages:get-packageinfo <-- Request received
params: {
  "packageId": "com.unity.polyspatial.extensions@3.1.5"
}
[2026-08-20T17:04:18.477Z][INFO] packages:get-packageinfo <-- Request received
params: {
  "packageId": "com.unity.polyspatial.visionos@3.1.5"
}
[2026-08-20T17:04:18.500Z][INFO] packages:get-packageinfo <-- Request received
params: {
  "packageId": "com.unity.project-auditor-rules@1.0.3"
}
[2026-08-20T17:04:18.523Z][INFO] packages:get-packageinfo <-- Request received
params: {
  "packageId": "com.unity.scriptablebuildpipeline@2.6.1"
}
[2026-08-20T17:04:18.524Z][INFO] packages:get-packageinfo <-- Request received
params: {
  "packageId": "com.unity.xr.androidxr-openxr@1.3.1"
}
[2026-08-20T17:04:18.550Z][INFO] packages:get-packageinfo <-- Request received
params: {
  "packageId": "com.unity.xr.arcore@6.5.0"
}
[2026-08-20T17:04:18.551Z][INFO] packages:get-packageinfo <-- Request received
params: {
  "packageId": "com.unity.xr.arfoundation@6.5.0"
}
[2026-08-20T17:04:18.587Z][INFO] packages:get-packageinfo <-- Request received
params: {
  "packageId": "com.unity.xr.arkit@6.5.0"
}
[2026-08-20T17:04:18.588Z][INFO] packages:get-packageinfo <-- Request received
params: {
  "packageId": "com.unity.xr.hands@1.8.1"
}
[2026-08-20T17:04:18.612Z][INFO] packages:get-packageinfo <-- Request received
params: {
  "packageId": "com.unity.xr.interaction.toolkit@3.5.1"
}
[2026-08-20T17:04:18.613Z][INFO] packages:get-packageinfo <-- Request received
params: {
  "packageId": "com.unity.xr.management@4.5.4"
}
[2026-08-20T17:04:18.646Z][INFO] packages:get-packageinfo <-- Request received
params: {
  "packageId": "com.unity.xr.openxr@1.17.1"
}
[2026-08-20T17:04:18.862Z][INFO] packages:get-packageinfo --> 200 (485 ms)
[2026-08-20T17:04:18.866Z][INFO] packages:get-packageinfo --> 200 (466 ms)
[2026-08-20T17:04:18.871Z][INFO] packages:get-packageinfo --> 200 (482 ms)
[2026-08-20T17:04:18.877Z][INFO] packages:get-packageinfo --> 200 (512 ms)
[2026-08-20T17:04:18.879Z][INFO] packages:get-packageinfo <-- Request received
params: {
  "packageId": "com.unity.xr.visionos@3.1.5"
}
[2026-08-20T17:04:18.918Z][INFO] packages:get-packageinfo --> 200 (418 ms)
[2026-08-20T17:04:18.920Z][INFO] packages:get-packageinfo --> 200 (490 ms)
[2026-08-20T17:04:18.922Z][INFO] packages:get-packageinfo --> 200 (466 ms)
[2026-08-20T17:04:18.924Z][INFO] packages:get-packageinfo --> 200 (336 ms)
[2026-08-20T17:04:18.926Z][INFO] packages:get-packageinfo --> 200 (452 ms)
[2026-08-20T17:04:18.926Z][INFO] packages:get-packageinfo --> 200 (485 ms)
[2026-08-20T17:04:18.928Z][INFO] packages:get-packageinfo --> 200 (451 ms)
[2026-08-20T17:04:18.931Z][INFO] packages:get-packageinfo --> 200 (518 ms)
[2026-08-20T17:04:18.955Z][INFO] packages:get-packageinfo --> 200 (431 ms)
[2026-08-20T17:04:18.962Z][INFO] packages:get-packageinfo --> 200 (349 ms)
[2026-08-20T17:04:18.972Z][INFO] packages:get-packageinfo --> 200 (422 ms)
[2026-08-20T17:04:18.976Z][INFO] packages:get-packageinfo --> 200 (330 ms)
[2026-08-20T17:04:18.984Z][INFO] packages:get-packageinfo --> 200 (397 ms)
[2026-08-20T17:04:18.991Z][INFO] packages:get-packageinfo --> 200 (379 ms)
[2026-08-20T17:04:19.000Z][INFO] packages:get-packageinfo --> 200 (449 ms)
[2026-08-20T17:04:19.004Z][INFO] packages:get-packageinfo --> 200 (481 ms)
[2026-08-20T17:04:19.013Z][INFO] packages:get-packageinfo <-- Request received
params: {
  "packageId": "com.unity.services.friends@1.1.1"
}
[2026-08-20T17:04:19.015Z][INFO] packages:get-packageinfo <-- Request received
params: {
  "packageId": "com.unity.services.moderation@1.0.2"
}
[2026-08-20T17:04:19.023Z][INFO] packages:get-packageinfo <-- Request received
params: {
  "packageId": "com.unity.services.multiplayer@2.2.4"
}
[2026-08-20T17:04:19.078Z][INFO] packages:get-packageinfo --> 200 (199 ms)
[2026-08-20T17:04:19.080Z][INFO] packages:get-packageinfo --> 200 (68 ms)
[2026-08-20T17:04:19.080Z][INFO] packages:get-packageinfo --> 200 (65 ms)
[2026-08-20T17:04:19.082Z][INFO] packages:get-packageinfo --> 200 (59 ms)
